{
  "type": "root",
  "name": "Cart",
  "namespace": "com.example.cart",
  "fields": {
    "cartId": "String",
    "items": {
      "type": "array",
      "elementType": "CartItem"
    }
  },
  "dependencies": [
    "CartItem"
  ]
}